First building id/name, followed by Enter: Second building id/name, followed by Enter: There is no path from 85 to 86.